- SKP 토큰 발행
[20221226 13:37:36] [000000] [NICEVCAT         ] [**********************************************************************************************]
[20221226 13:37:36] [000000] [NICEVCAT         ] [Start!]
[20221226 13:37:36] [000000] [Ver.             ] [#######NVCAT5001]
[20221226 13:37:36] [000000] [Date.            ] [22.12.22.1]
[20221226 13:37:36] [000000] [SendData         ] [0300S1L10000SKP Create198811301SCM12345671234567890LEEJUYONG   01023720000SKT ]
[20221226 13:37:41] [000000] [RecvData         ] [0310S1000000000000000100000000000000000000000000            22122613302201IBK기업은행         SK621003********26    tkz-test       2393302001         6210033497520480=57220013105805144185   THREE_PER_USER_ID                                                       62100322**************************** 23933020011226133736]
[20221226 13:37:41] [000000] [NICEVCAT         ] [return 1]
[20221226 13:37:41] [000000] [NICEVCAT         ] [Finish!]
[20221226 13:37:41] [000000] [NICEVCAT         ] [**********************************************************************************************]

- SKP 승인
[20221226 13:38:04] [000000] [NICEVCAT         ] [**********************************************************************************************]
[20221226 13:38:04] [000000] [NICEVCAT         ] [Start!]
[20221226 13:38:04] [000000] [Ver.             ] [#######NVCAT5001]
[20221226 13:38:04] [000000] [Date.            ] [22.12.22.1]
[20221226 13:38:04] [000000] [SendData         ] [0300S2L100400006210033497520480=57220013105805144185SKP ApprSCM12345671234567890LEEJUYONG                  ]
[20221226 13:38:08] [000000] [RecvData         ] [0310S200000000000010040000000000000000000000000013301272    22122613304901IBK비씨             01비씨카드            784853182      2393302001         정상승인                                                                                                        621003**********123933020011226133804NS221226133049D31595                                                                                     ]
[20221226 13:38:08] [000000] [NICEVCAT         ] [return 1]
[20221226 13:38:08] [000000] [NICEVCAT         ] [Finish!]
[20221226 13:38:08] [000000] [NICEVCAT         ] [**********************************************************************************************]

- SKP 취소
[20221226 13:38:26] [000000] [NICEVCAT         ] [**********************************************************************************************]
[20221226 13:38:26] [000000] [NICEVCAT         ] [Start!]
[20221226 13:38:26] [000000] [Ver.             ] [#######NVCAT5001]
[20221226 13:38:26] [000000] [Date.            ] [22.12.22.1]
[20221226 13:38:26] [000000] [SendData         ] [0520S2L10040000133012722212266210033497520480=57220013105805144185SKP CnlSCM12345671234567890LEEJUYONG                  ]
[20221226 13:38:30] [000000] [RecvData         ] [0530S200000000000010040000000000000000000000000013301272    22122613311201IBK비씨             01비씨카드            784853182      2393302001         정상취소                                                                                                        621003**********123933020011226133826NS221226133111D31602                                                                                     ]
[20221226 13:38:30] [000000] [NICEVCAT         ] [return 1]
[20221226 13:38:30] [000000] [NICEVCAT         ] [Finish!]
[20221226 13:38:30] [000000] [NICEVCAT         ] [**********************************************************************************************]

- SKP 토큰 삭제
[20221226 13:40:10] [000000] [NICEVCAT         ] [**********************************************************************************************]
[20221226 13:40:10] [000000] [NICEVCAT         ] [Start!]
[20221226 13:40:10] [000000] [Ver.             ] [#######NVCAT5001]
[20221226 13:40:10] [000000] [Date.            ] [22.12.22.1]
[20221226 13:40:10] [000000] [SendData         ] [0300S3L100400006210033497520480=57220013105805144185SKP DeleteSCM12345671234567890LEEJUYONG]
[20221226 13:40:13] [000000] [RecvData         ] [0310S3000000000000100400000000000000000000000000            221226133254SK                    SK                    tkz-test       2393302001         토큰삭제 정상                                                                                                    23933020011226134010]
[20221226 13:40:13] [000000] [NICEVCAT         ] [return 1]
[20221226 13:40:13] [000000] [NICEVCAT         ] [Finish!]
[20221226 13:40:13] [000000] [NICEVCAT         ] [**********************************************************************************************]
